exports[`test navigate to 2nd page and check if legend updated 1`] = `
<div
  className={undefined}>
  <div>
    <button
      className="btn btn-default undefined"
      disabled={false}
      onClick={[Function]}>
      <i
        className="fa fa-fast-backward" />
    </button>
    <button
      className="btn btn-default undefined"
      disabled={false}
      onClick={[Function]}>
      <i
        className="fa fa-backward" />
    </button>
  </div>
  <b>
    2
     of 
    2
  </b>
  <div>
    <button
      className="btn btn-default undefined"
      disabled={true}
      onClick={[Function]}>
      <i
        className="fa fa-forward" />
    </button>
    <button
      className="btn btn-default undefined"
      disabled={true}
      onClick={[Function]}>
      <i
        className="fa fa-fast-forward" />
    </button>
  </div>
</div>
`;

exports[`test with default props component is rendered 1`] = `
<div
  className={undefined}>
  <div>
    <button
      className="btn btn-default undefined"
      disabled={true}
      onClick={[Function]}>
      <i
        className="fa fa-fast-backward" />
    </button>
    <button
      className="btn btn-default undefined"
      disabled={true}
      onClick={[Function]}>
      <i
        className="fa fa-backward" />
    </button>
  </div>
  <b>
    1
     of 
    2
  </b>
  <div>
    <button
      className="btn btn-default undefined"
      disabled={false}
      onClick={[Function]}>
      <i
        className="fa fa-forward" />
    </button>
    <button
      className="btn btn-default undefined"
      disabled={false}
      onClick={[Function]}>
      <i
        className="fa fa-fast-forward" />
    </button>
  </div>
</div>
`;
